C51 COMPILER V9.60.7.0   UART                                                              04/09/2025 15:05:59 PAGE 1   


C51 COMPILER V9.60.7.0, COMPILATION OF MODULE UART
OBJECT MODULE PLACED IN .\Output\uart.obj
COMPILER INVOKED BY: C:\Users\Admin\AppData\Local\Keil_v5\C51\BIN\C51.EXE ..\..\..\..\Library\StdDriver\src\uart.c LARGE
                    - OMF2 OPTIMIZE(7,SPEED) BROWSE INCDIR(..\..\..\..\Library\Device\Include;..\..\..\..\Library\StdDriver\inc) DEBUG PRINT(
                    -.\lst\uart.lst) TABS(2) OBJECT(.\Output\uart.obj)

line level    source

   1          /*--------------------------------------------------------------------------------------------------------
             --*/
   2          /*                                                                                                        
             - */
   3          /* SPDX-License-Identifier: Apache-2.0                                                                    
             - */
   4          /* Copyright(c) 2020 Nuvoton Technology Corp. All rights reserved.                                        
             - */
   5          /*                                                                                                        
             - */
   6          /*--------------------------------------------------------------------------------------------------------
             --*/
   7          
   8          #include "ms51_32k.h"
   9          
  10          bit PRINTFG = 0, uart0_receive_flag = 0, uart1_receive_flag;
  11          unsigned char uart0_receive_data, uart1_receive_data;
  12          
  13          
  14          
  15          
  16          
  17          
  18          
  19          
  20          /*MS51 new version buadrate */
  21          void UART_Open(unsigned long u32SysClock, unsigned char u8UARTPort, unsigned long u32Baudrate)
  22          {
  23   1           SFRS = 0;
  24   1           switch (u8UARTPort)
  25   1          {
  26   2              case UART0_Timer1:
  27   2                  SCON = 0x50;            //UART0 Mode1,REN=1,TI=1
  28   2                  TMOD |= 0x20;           //Timer1 Mode1
  29   2                  set_PCON_SMOD;          //UART0 Double Rate Enable
  30   2                  set_CKCON_T1M;
  31   2                  clr_T3CON_BRCK;          //Serial port 0 baud rate clock source = Timer1
  32   2                  TH1 = 256 - (u32SysClock / 16 / u32Baudrate);
  33   2                  set_TCON_TR1;
  34   2                  set_IE_ES;
  35   2                  break;
  36   2      
  37   2              case UART0_Timer3:
  38   2                  SCON = 0x50;          //UART0 Mode1,REN=1,TI=1
  39   2                  set_PCON_SMOD;        //UART0 Double Rate Enable
  40   2                  T3CON &= 0xF8;        //T3PS2=0,T3PS1=0,T3PS0=0(Prescale=1)
  41   2                  set_T3CON_BRCK;        //UART0 baud rate clock source = Timer3
  42   2                  RH3    = HIBYTE(65536 - (u32SysClock / 16 / u32Baudrate));
  43   2                  RL3    = LOBYTE(65536 - (u32SysClock / 16 / u32Baudrate));
  44   2                  set_T3CON_TR3;         //Trigger Timer3
  45   2                  set_IE_ES;
  46   2                  break;
  47   2      
C51 COMPILER V9.60.7.0   UART                                                              04/09/2025 15:05:59 PAGE 2   

  48   2              case UART1_Timer3:
  49   2                  SCON_1 = 0x50;          //UART1 Mode1,REN_1=1,TI_1=1
  50   2                  T3CON = 0x80;           //T3PS2=0,T3PS1=0,T3PS0=0(Prescale=1), UART1 in MODE 1
  51   2                  RH3    = HIBYTE(65536 - (u32SysClock/16/u32Baudrate));  
  52   2                  RL3    = LOBYTE(65536 - (u32SysClock/16/u32Baudrate));     
  53   2                  set_T3CON_TR3;             //Trigger Timer3
  54   2                  set_EIE1_ES_1;
  55   2                  break;
  56   2          }
  57   1       }
  58          extern int Tick;
  59          unsigned char Receive_Data(unsigned char UARTPort)
  60          {
  61   1          UINT8 c;
  62   1          //unsigned char c;
  63   1          PUSH_SFRS;
  64   1          SFRS = 0;
  65   1          
  66   1          switch (UARTPort)
  67   1          {
  68   2              case UART0:
  69   2                  while (!RI);
  70   2                  c = SBUF;
  71   2                  RI = 0;
  72   2                  break;
  73   2      
  74   2              case UART1:
  75   2                  while (!RI_1);
  76   2                  c = SBUF_1;
  77   2                  RI_1 = 0; 
  78   2                  break;
  79   2          }
  80   1          POP_SFRS;
  81   1          return (c);
  82   1      }
  83          
  84          void UART_Send_Data(unsigned char UARTPort, unsigned char c)
  85          {
  86   1          PUSH_SFRS;
  87   1          SFRS = 0;
  88   1          switch (UARTPort)
  89   1          {
  90   2              case UART0:
  91   2                TI=0;
  92   2                SBUF = c;
  93   2                while(!TI);
  94   2              break;
  95   2              case UART1:
  96   2                TI_1=0;
  97   2                SBUF_1 = c;
  98   2                while(!TI_1);//
  99   2              break;
 100   2          }
 101   1          POP_SFRS;
 102   1      }
 103          
 104          
 105          void Enable_UART0_VCOM_printf_24M_115200(void)
 106          {
 107   1          P06_QUASI_MODE;
 108   1          UART_Open(24000000,UART0_Timer1,115200);
 109   1          ENABLE_UART0_PRINTF;
C51 COMPILER V9.60.7.0   UART                                                              04/09/2025 15:05:59 PAGE 3   

 110   1          DISABLE_UART0_INTERRUPT;
 111   1      }


MODULE INFORMATION:   STATIC OVERLAYABLE
   CODE SIZE        =    487    ----
   CONSTANT SIZE    =   ----    ----
   XDATA SIZE       =      2       9
   PDATA SIZE       =   ----    ----
   DATA SIZE        =   ----    ----
   IDATA SIZE       =   ----    ----
   BIT SIZE         =      3    ----
   EDATA SIZE       =   ----    ----
   HDATA SIZE       =   ----    ----
   XDATA CONST SIZE =   ----    ----
   FAR CONST SIZE   =   ----    ----
END OF MODULE INFORMATION.


C51 COMPILATION COMPLETE.  0 WARNING(S),  0 ERROR(S)
